// Jest Snapshot v1, https://goo.gl/fbAQLP

exports[`default stack 1`] = `
{
  "Conditions": {
    "EnableS3BucketForRedShift4": {
      "Fn::Equals": [
        {
          "Ref": "CreateS3BucketForRedshiftAuditLogging",
        },
        "yes",
      ],
    },
  },
  "Description": "test;",
  "Mappings": {
    "SourceCode": {
      "General": {
        "KeyPrefix": "aws-security-hub-automated-response-and-remediation/v1.1.1",
        "S3Bucket": "sharrbukkit",
      },
    },
  },
  "Metadata": {
    "AWS::CloudFormation::Interface": {
      "ParameterGroups": [
        {
          "Label": {
            "default": "LogGroup Configuration",
          },
          "Parameters": [
            "LogGroupName",
          ],
        },
        {
          "Label": {
            "default": "Playbooks",
          },
          "Parameters": [],
        },
      ],
      "ParameterLabels": {
        "LogGroupName": {
          "default": "Provide the name of the LogGroup to be used to create Metric Filters and Alarms",
        },
      },
    },
  },
  "Parameters": {
    "CreateS3BucketForRedshiftAuditLogging": {
      "AllowedValues": [
        "yes",
        "no",
      ],
      "Default": "no",
      "Description": "Create S3 Bucket For Redshift Cluster Audit Logging.",
      "Type": "String",
    },
    "LogGroupName": {
      "Description": "Name of the log group to be used to create metric filters and cloudwatch alarms. You must use a Log Group that is the the logging destination of a multi-region CloudTrail",
      "Type": "String",
    },
    "SecHubAdminAccount": {
      "AllowedPattern": "\\d{12}",
      "Description": "Admin account number",
      "Type": "String",
    },
  },
  "Resources": {
    "RunbookStackNoRoles": {
      "Properties": {
        "TemplateURL": {
          "Fn::Join": [
            "",
            [
              "https://",
              {
                "Fn::FindInMap": [
                  "SourceCode",
                  "General",
                  "S3Bucket",
                ],
              },
              "-reference.s3.amazonaws.com/",
              {
                "Fn::FindInMap": [
                  "SourceCode",
                  "General",
                  "KeyPrefix",
                ],
              },
              "/aws-sharr-remediations.template",
            ],
          ],
        },
      },
      "Type": "AWS::CloudFormation::Stack",
    },
    "S3BucketForRedShiftAuditLogging652E7355": {
      "Condition": "EnableS3BucketForRedShift4",
      "DeletionPolicy": "Retain",
      "Metadata": {
        "cdk_nag": {
          "rules_to_suppress": [
            {
              "id": "AwsSolutions-S1",
              "reason": "Logs bucket does not require logging configuration",
            },
          ],
        },
        "cfn_nag": {
          "rules_to_suppress": [
            {
              "id": "W35",
              "reason": "Logs bucket does not require logging configuration",
            },
          ],
        },
      },
      "Properties": {
        "BucketEncryption": {
          "ServerSideEncryptionConfiguration": [
            {
              "ServerSideEncryptionByDefault": {
                "SSEAlgorithm": "AES256",
              },
            },
          ],
        },
        "PublicAccessBlockConfiguration": {
          "BlockPublicAcls": true,
          "BlockPublicPolicy": true,
          "IgnorePublicAcls": true,
          "RestrictPublicBuckets": true,
        },
      },
      "Type": "AWS::S3::Bucket",
      "UpdateReplacePolicy": "Retain",
    },
    "S3BucketForRedShiftAuditLoggingBucketPolicyAB8BAA40": {
      "Condition": "EnableS3BucketForRedShift4",
      "DeletionPolicy": "Retain",
      "DependsOn": [
        "S3BucketForRedShiftAuditLogging652E7355",
      ],
      "Properties": {
        "Bucket": {
          "Ref": "S3BucketForRedShiftAuditLogging652E7355",
        },
        "PolicyDocument": {
          "Statement": [
            {
              "Action": [
                "s3:GetBucketAcl",
                "s3:PutObject",
              ],
              "Effect": "Allow",
              "Principal": {
                "Service": "redshift.amazonaws.com",
              },
              "Resource": [
                {
                  "Fn::GetAtt": [
                    "S3BucketForRedShiftAuditLogging652E7355",
                    "Arn",
                  ],
                },
                {
                  "Fn::Sub": [
                    "arn:\${AWS::Partition}:s3:::\${BucketName}/*",
                    {
                      "BucketName": {
                        "Ref": "S3BucketForRedShiftAuditLogging652E7355",
                      },
                    },
                  ],
                },
              ],
              "Sid": "Put bucket policy needed for audit logging",
            },
            {
              "Action": "s3:*",
              "Condition": {
                "Bool": {
                  "aws:SecureTransport": "false",
                },
              },
              "Effect": "Deny",
              "Principal": "*",
              "Resource": [
                {
                  "Fn::GetAtt": [
                    "S3BucketForRedShiftAuditLogging652E7355",
                    "Arn",
                  ],
                },
                {
                  "Fn::Join": [
                    "",
                    [
                      {
                        "Fn::GetAtt": [
                          "S3BucketForRedShiftAuditLogging652E7355",
                          "Arn",
                        ],
                      },
                      "/*",
                    ],
                  ],
                },
              ],
              "Sid": "EnforceSSL",
            },
          ],
          "Version": "2012-10-17",
        },
      },
      "Type": "AWS::S3::BucketPolicy",
      "UpdateReplacePolicy": "Retain",
    },
    "SHARRKeyAliasEBF509D8": {
      "Properties": {
        "Description": "KMS Customer Managed Key that will encrypt data for remediations",
        "Name": "/Solutions/SO0111/CMK_REMEDIATION_ARN",
        "Type": "String",
        "Value": {
          "Fn::GetAtt": [
            "SHARRRemediationKeyE744743D",
            "Arn",
          ],
        },
      },
      "Type": "AWS::SSM::Parameter",
    },
    "SHARRMemberVersionEDAB5C42": {
      "Properties": {
        "Description": "Version of the AWS Security Hub Automated Response and Remediation solution",
        "Name": "/Solutions/SO0111/member-version",
        "Type": "String",
        "Value": "v1.1.1",
      },
      "Type": "AWS::SSM::Parameter",
    },
    "SHARRRemediationKeyAlias5531874D": {
      "Properties": {
        "AliasName": "alias/SO0111-SHARR-Remediation-Key",
        "TargetKeyId": {
          "Fn::GetAtt": [
            "SHARRRemediationKeyE744743D",
            "Arn",
          ],
        },
      },
      "Type": "AWS::KMS::Alias",
    },
    "SHARRRemediationKeyE744743D": {
      "DeletionPolicy": "Retain",
      "Properties": {
        "EnableKeyRotation": true,
        "KeyPolicy": {
          "Statement": [
            {
              "Action": [
                "kms:GenerateDataKey",
                "kms:GenerateDataKeyPair",
                "kms:GenerateDataKeyPairWithoutPlaintext",
                "kms:GenerateDataKeyWithoutPlaintext",
                "kms:Decrypt",
                "kms:Encrypt",
                "kms:ReEncryptFrom",
                "kms:ReEncryptTo",
                "kms:DescribeKey",
                "kms:DescribeCustomKeyStores",
              ],
              "Effect": "Allow",
              "Principal": {
                "Service": [
                  "sns.amazonaws.com",
                  "s3.amazonaws.com",
                  {
                    "Fn::Join": [
                      "",
                      [
                        "logs.",
                        {
                          "Ref": "AWS::URLSuffix",
                        },
                      ],
                    ],
                  },
                  {
                    "Fn::Join": [
                      "",
                      [
                        "logs.",
                        {
                          "Ref": "AWS::Region",
                        },
                        ".",
                        {
                          "Ref": "AWS::URLSuffix",
                        },
                      ],
                    ],
                  },
                  {
                    "Fn::Join": [
                      "",
                      [
                        "cloudtrail.",
                        {
                          "Ref": "AWS::URLSuffix",
                        },
                      ],
                    ],
                  },
                  "cloudwatch.amazonaws.com",
                ],
              },
              "Resource": "*",
            },
            {
              "Action": "kms:*",
              "Effect": "Allow",
              "Principal": {
                "AWS": {
                  "Fn::Join": [
                    "",
                    [
                      "arn:",
                      {
                        "Ref": "AWS::Partition",
                      },
                      ":iam::",
                      {
                        "Ref": "AWS::AccountId",
                      },
                      ":root",
                    ],
                  ],
                },
              },
              "Resource": "*",
            },
          ],
          "Version": "2012-10-17",
        },
      },
      "Type": "AWS::KMS::Key",
      "UpdateReplacePolicy": "Retain",
    },
    "SSMParameterForS34EncryptionKeyAlias73DD8A98": {
      "Properties": {
        "Description": "Parameter to store encryption key alias for the PCI.S3.4/AFSBP.S3.4, replace the default value with the KMS Key Alias, other wise the remediation will enable the default AES256 encryption for the bucket.",
        "Name": "/Solutions/SO0111/afsbp/1.0.0/S3.4/KmsKeyAlias",
        "Type": "String",
        "Value": "default-s3-encryption",
      },
      "Type": "AWS::SSM::Parameter",
    },
    "SSMParameterForS3BucketNameForREDSHIFT441DD36B1": {
      "Condition": "EnableS3BucketForRedShift4",
      "DependsOn": [
        "S3BucketForRedShiftAuditLogging652E7355",
      ],
      "Properties": {
        "Description": "Parameter to store the S3 bucket name for the remediation AFSBP.REDSHIFT.4, the default value is bucket-name which has to be updated by the user before using the remediation.",
        "Name": "/Solutions/SO0111/afsbp/1.0.0/REDSHIFT.4/S3BucketNameForAuditLogging",
        "Type": "String",
        "Value": {
          "Ref": "S3BucketForRedShiftAuditLogging652E7355",
        },
      },
      "Type": "AWS::SSM::Parameter",
    },
    "SSMParameterLogGroupName47918519": {
      "Properties": {
        "Description": "Parameter to store log group name",
        "Name": "/Solutions/SO0111/Metrics_LogGroupName",
        "Type": "String",
        "Value": {
          "Ref": "LogGroupName",
        },
      },
      "Type": "AWS::SSM::Parameter",
    },
  },
}
`;
