// Jest Snapshot v1, https://goo.gl/fbAQLP

exports[`Test if the Stack has all the resources. 1`] = `
Object {
  "Conditions": Object {
    "UseServiceCatalog": Object {
      "Fn::Not": Array [
        Object {
          "Fn::Equals": Array [
            Object {
              "Ref": "AWS::Partition",
            },
            "aws-cn",
          ],
        },
      ],
    },
  },
  "Mappings": Object {
    "SourceCode": Object {
      "General": Object {
        "KeyPrefix": "aws-security-hub-automated-response-and-remediation/v1.0.0",
        "S3Bucket": "solutions",
      },
    },
    "mappings": Object {
      "sendAnonymousMetrics": Object {
        "data": "Yes",
      },
    },
  },
  "Resources": Object {
    "CreateCustomActionE7A973F5": Object {
      "DependsOn": Array [
        "createCustomActionRoleF0047414",
      ],
      "Metadata": Object {
        "cfn_nag": Object {
          "rules_to_suppress": Array [
            Object {
              "id": "W58",
              "reason": "False positive. See https://github.com/stelligent/cfn_nag/issues/422",
            },
          ],
        },
      },
      "Properties": Object {
        "Code": Object {
          "S3Bucket": "solutions-eu-west-1",
          "S3Key": "aws-security-hub-automated-response-and-remediation/v1.0.0/lambda/createCustomAction.py.zip",
        },
        "Description": "Custom resource to create an action target in Security Hub",
        "Environment": Object {
          "Variables": Object {
            "AWS_PARTITION": Object {
              "Ref": "AWS::Partition",
            },
            "log_level": "info",
            "sendAnonymousMetrics": Object {
              "Fn::FindInMap": Array [
                "mappings",
                "sendAnonymousMetrics",
                "data",
              ],
            },
          },
        },
        "FunctionName": "SO0111-SHARR-CustomAction",
        "Handler": "createCustomAction.lambda_handler",
        "MemorySize": 256,
        "Role": Object {
          "Fn::GetAtt": Array [
            "createCustomActionRoleF0047414",
            "Arn",
          ],
        },
        "Runtime": "python3.8",
        "Timeout": 60,
      },
      "Type": "AWS::Lambda::Function",
    },
    "PlaybookServiceCatalog": Object {
      "Condition": "UseServiceCatalog",
      "Properties": Object {
        "Parameters": Object {
          "CreateCustomActionArn": Object {
            "Fn::GetAtt": Array [
              "CreateCustomActionE7A973F5",
              "Arn",
            ],
          },
        },
        "TemplateURL": Object {
          "Fn::Join": Array [
            "",
            Array [
              "https://",
              Object {
                "Fn::FindInMap": Array [
                  "SourceCode",
                  "General",
                  "S3Bucket",
                ],
              },
              "-reference.s3.amazonaws.com/",
              Object {
                "Fn::FindInMap": Array [
                  "SourceCode",
                  "General",
                  "KeyPrefix",
                ],
              },
              "/aws-sharr-portolio-deploy.template",
            ],
          ],
        },
      },
      "Type": "AWS::CloudFormation::Stack",
    },
    "SHARRKeyC551FE02": Object {
      "Properties": Object {
        "Description": "KMS Customer Managed Key that SHARR will use to encrypt data",
        "Name": "/Solutions/SO0111/CMK_ARN",
        "Type": "String",
        "Value": Object {
          "Fn::GetAtt": Array [
            "SHARRkeyE6BD0F56",
            "Arn",
          ],
        },
      },
      "Type": "AWS::SSM::Parameter",
    },
    "SHARRSNSTopicB940F479": Object {
      "Properties": Object {
        "Description": "SNS Topic ARN where SHARR will send status messages. This        topic can be useful for driving additional actions, such as email notifications,        trouble ticket updates.",
        "Name": "/Solutions/SO0111/SNS_Topic_ARN",
        "Type": "String",
        "Value": Object {
          "Ref": "SHARRTopic229CFB9E",
        },
      },
      "Type": "AWS::SSM::Parameter",
    },
    "SHARRSendAnonymousMetricsCDAE439D": Object {
      "Properties": Object {
        "Description": "Flag to enable or disable sending anonymous metrics.",
        "Name": "/Solutions/SO0111/sendAnonymousMetrics",
        "Type": "String",
        "Value": Object {
          "Fn::FindInMap": Array [
            "mappings",
            "sendAnonymousMetrics",
            "data",
          ],
        },
      },
      "Type": "AWS::SSM::Parameter",
    },
    "SHARRTopic229CFB9E": Object {
      "Properties": Object {
        "DisplayName": "SHARR Playbook Topic (SO0111)",
        "KmsMasterKeyId": Object {
          "Fn::GetAtt": Array [
            "SHARRkeyE6BD0F56",
            "Arn",
          ],
        },
        "TopicName": "SO0111-SHARR_Topic",
      },
      "Type": "AWS::SNS::Topic",
    },
    "SHARRkeyAlias37E34763": Object {
      "Properties": Object {
        "AliasName": "alias/SO0111-SHARR-Key",
        "TargetKeyId": Object {
          "Fn::GetAtt": Array [
            "SHARRkeyE6BD0F56",
            "Arn",
          ],
        },
      },
      "Type": "AWS::KMS::Alias",
    },
    "SHARRkeyE6BD0F56": Object {
      "DeletionPolicy": "Retain",
      "Properties": Object {
        "EnableKeyRotation": true,
        "KeyPolicy": Object {
          "Statement": Array [
            Object {
              "Action": "kms:*",
              "Effect": "Allow",
              "Principal": Object {
                "AWS": Object {
                  "Fn::Join": Array [
                    "",
                    Array [
                      "arn:",
                      Object {
                        "Ref": "AWS::Partition",
                      },
                      ":iam::111111111111:root",
                    ],
                  ],
                },
              },
              "Resource": "*",
            },
          ],
          "Version": "2012-10-17",
        },
      },
      "Type": "AWS::KMS::Key",
      "UpdateReplacePolicy": "Retain",
    },
    "SHARRmetricsId08072E2E": Object {
      "Properties": Object {
        "Description": "Stack Id for reference for metrics.",
        "Name": "/Solutions/SO0111/metricsId",
        "Type": "String",
        "Value": Object {
          "Ref": "AWS::StackId",
        },
      },
      "Type": "AWS::SSM::Parameter",
    },
    "createCustomActionPolicyE424E925": Object {
      "Metadata": Object {
        "cfn_nag": Object {
          "rules_to_suppress": Array [
            Object {
              "id": "W12",
              "reason": "Resource * is required for CloudWatch Logs policies used on Lambda functions.",
            },
          ],
        },
      },
      "Properties": Object {
        "PolicyDocument": Object {
          "Statement": Array [
            Object {
              "Action": "cloudwatch:PutMetricData",
              "Effect": "Allow",
              "Resource": "*",
            },
            Object {
              "Action": Array [
                "logs:CreateLogGroup",
                "logs:CreateLogStream",
                "logs:PutLogEvents",
              ],
              "Effect": "Allow",
              "Resource": "*",
            },
            Object {
              "Action": Array [
                "securityhub:CreateActionTarget",
                "securityhub:DeleteActionTarget",
              ],
              "Effect": "Allow",
              "Resource": "*",
            },
          ],
          "Version": "2012-10-17",
        },
        "PolicyName": "SO0111-SHARR_Custom_Action",
        "Roles": Array [
          Object {
            "Ref": "createCustomActionRoleF0047414",
          },
        ],
      },
      "Type": "AWS::IAM::Policy",
    },
    "createCustomActionRoleF0047414": Object {
      "Metadata": Object {
        "cfn_nag": Object {
          "rules_to_suppress": Array [
            Object {
              "id": "W28",
              "reason": "Static names chosen intentionally to provide easy integration with playbook templates",
            },
          ],
        },
      },
      "Properties": Object {
        "AssumeRolePolicyDocument": Object {
          "Statement": Array [
            Object {
              "Action": "sts:AssumeRole",
              "Effect": "Allow",
              "Principal": Object {
                "Service": "lambda.amazonaws.com",
              },
            },
          ],
          "Version": "2012-10-17",
        },
        "Description": "Lambda role to allow creation of Security Hub Custom Actions",
      },
      "Type": "AWS::IAM::Role",
    },
  },
}
`;
