// Jest Snapshot v1, https://goo.gl/fbAQLP

exports[`default stack 1`] = `
Object {
  "Description": "test;",
  "Mappings": Object {
    "SourceCode": Object {
      "General": Object {
        "KeyPrefix": "aws-security-hub-automated-response-and-remediation/v1.1.1",
        "S3Bucket": "sharrbukkit",
      },
    },
  },
  "Metadata": Object {
    "AWS::CloudFormation::Interface": Object {
      "ParameterGroups": Array [
        Object {
          "Label": Object {
            "default": "LogGroup Configuration",
          },
          "Parameters": Array [
            "LogGroupName",
          ],
        },
        Object {
          "Label": Object {
            "default": "Playbooks",
          },
          "Parameters": Array [],
        },
      ],
      "ParameterLabels": Object {
        "LogGroupName": Object {
          "default": "Provide the name of the LogGroup to be used to create Metric Filters and Alarms",
        },
      },
    },
  },
  "Parameters": Object {
    "LogGroupName": Object {
      "Description": "Name of the log group to be used to create metric filters and cloudwatch alarms. You must use a Log Group that is the the logging destination of a multi-region CloudTrail",
      "Type": "String",
    },
    "SecHubAdminAccount": Object {
      "AllowedPattern": "\\\\d{12}",
      "Description": "Admin account number",
      "Type": "String",
    },
  },
  "Resources": Object {
    "RunbookStackNoRoles": Object {
      "Properties": Object {
        "TemplateURL": Object {
          "Fn::Join": Array [
            "",
            Array [
              "https://",
              Object {
                "Fn::FindInMap": Array [
                  "SourceCode",
                  "General",
                  "S3Bucket",
                ],
              },
              "-reference.s3.amazonaws.com/",
              Object {
                "Fn::FindInMap": Array [
                  "SourceCode",
                  "General",
                  "KeyPrefix",
                ],
              },
              "/aws-sharr-remediations.template",
            ],
          ],
        },
      },
      "Type": "AWS::CloudFormation::Stack",
    },
    "SHARRKeyAliasEBF509D8": Object {
      "Properties": Object {
        "Description": "KMS Customer Managed Key that will encrypt data for remediations",
        "Name": "/Solutions/SO0111/CMK_REMEDIATION_ARN",
        "Type": "String",
        "Value": Object {
          "Fn::GetAtt": Array [
            "SHARRRemediationKeyE744743D",
            "Arn",
          ],
        },
      },
      "Type": "AWS::SSM::Parameter",
    },
    "SHARRRemediationKeyAlias5531874D": Object {
      "Properties": Object {
        "AliasName": "alias/SO0111-SHARR-Remediation-Key",
        "TargetKeyId": Object {
          "Fn::GetAtt": Array [
            "SHARRRemediationKeyE744743D",
            "Arn",
          ],
        },
      },
      "Type": "AWS::KMS::Alias",
    },
    "SHARRRemediationKeyE744743D": Object {
      "DeletionPolicy": "Retain",
      "Properties": Object {
        "EnableKeyRotation": true,
        "KeyPolicy": Object {
          "Statement": Array [
            Object {
              "Action": Array [
                "kms:GenerateDataKey",
                "kms:GenerateDataKeyPair",
                "kms:GenerateDataKeyPairWithoutPlaintext",
                "kms:GenerateDataKeyWithoutPlaintext",
                "kms:Decrypt",
                "kms:Encrypt",
                "kms:ReEncryptFrom",
                "kms:ReEncryptTo",
                "kms:DescribeKey",
                "kms:DescribeCustomKeyStores",
              ],
              "Effect": "Allow",
              "Principal": Object {
                "Service": Array [
                  "sns.amazonaws.com",
                  "s3.amazonaws.com",
                  Object {
                    "Fn::Join": Array [
                      "",
                      Array [
                        "logs.",
                        Object {
                          "Ref": "AWS::URLSuffix",
                        },
                      ],
                    ],
                  },
                  Object {
                    "Fn::Join": Array [
                      "",
                      Array [
                        "logs.",
                        Object {
                          "Ref": "AWS::Region",
                        },
                        ".",
                        Object {
                          "Ref": "AWS::URLSuffix",
                        },
                      ],
                    ],
                  },
                  Object {
                    "Fn::Join": Array [
                      "",
                      Array [
                        "cloudtrail.",
                        Object {
                          "Ref": "AWS::URLSuffix",
                        },
                      ],
                    ],
                  },
                  "cloudwatch.amazonaws.com",
                ],
              },
              "Resource": "*",
            },
            Object {
              "Action": "kms:*",
              "Effect": "Allow",
              "Principal": Object {
                "AWS": Object {
                  "Fn::Join": Array [
                    "",
                    Array [
                      "arn:",
                      Object {
                        "Ref": "AWS::Partition",
                      },
                      ":iam::",
                      Object {
                        "Ref": "AWS::AccountId",
                      },
                      ":root",
                    ],
                  ],
                },
              },
              "Resource": "*",
            },
          ],
          "Version": "2012-10-17",
        },
      },
      "Type": "AWS::KMS::Key",
      "UpdateReplacePolicy": "Retain",
    },
    "SSMParameterLogGroupName47918519": Object {
      "Properties": Object {
        "Description": "Parameter to store log group name",
        "Name": "/Solutions/SO0111/Metrics_LogGroupName",
        "Type": "String",
        "Value": Object {
          "Ref": "LogGroupName",
        },
      },
      "Type": "AWS::SSM::Parameter",
    },
  },
}
`;
