// Jest Snapshot v1, https://goo.gl/fbAQLP

exports[`namespace param stack matches snapshot 1`] = `
{
  "Parameters": {
    "Namespace": {
      "AllowedPattern": "(?!(^xn--|^sthree-|^sthree-configurator|^amzn-s3-demo-|.+-s3alias|.+--ol-s3|.+.mrap|.+--x-s3$))^[a-z0-9][a-z0-9-]{1,7}[a-z0-9]$",
      "ConstraintDescription": "The Namespace parameter must follow naming restrictions for S3 buckets and have a minimum length of 3 and a maximum length of 9. https://docs.aws.amazon.com/AmazonS3/latest/userguide/bucketnamingrules.html",
      "Description": "Choose a unique namespace to be added as a suffix to remediation IAM role names. The same namespace should be used in the Member Roles and Member stacks. This string should be unique for each solution deployment.",
      "MaxLength": 9,
      "MinLength": 3,
      "Type": "String",
    },
  },
}
`;
